// Jest Snapshot v1, https://goo.gl/fbAQLP

exports[`Pruebas en <PrimeraApp/> debe de mostrar <PrimeraApp /> correctamanete 1`] = `
<Fragment>
  <h1>
    Hola, soy Oscar
  </h1>
  <p>
    Soy un subtitulo
  </p>
</Fragment>
`;
